\BOOKMARK [1][-]{section.1}{\376\377\000I\000n\000t\000r\000o\000d\000u\000c\000t\000i\000o\000n}{}% 1
\BOOKMARK [1][-]{section.2}{\376\377\000B\000a\000c\000k\000g\000r\000o\000u\000n\000d\000\040\000a\000n\000d\000\040\000R\000e\000l\000a\000t\000e\000d\000\040\000W\000o\000r\000k}{}% 2
\BOOKMARK [2][-]{subsection.2.1}{\376\377\000T\000u\000r\000k\000i\000s\000h\000\040\000o\000r\000t\000h\000o\000g\000r\000a\000p\000h\000y\000\040\000a\000s\000\040\000a\000\040\000r\000u\000l\000e\000-\000v\000e\000r\000i\000f\000i\000a\000b\000l\000e\000\040\000a\000x\000i\000s}{section.2}% 3
\BOOKMARK [2][-]{subsection.2.2}{\376\377\000T\000u\000r\000k\000i\000s\000h\000\040\000g\000r\000a\000m\000m\000a\000t\000i\000c\000a\000l\000-\000e\000r\000r\000o\000r\000\040\000c\000o\000r\000r\000e\000c\000t\000i\000o\000n}{section.2}% 4
\BOOKMARK [2][-]{subsection.2.3}{\376\377\000N\000o\000i\000s\000y\000\040\000T\000u\000r\000k\000i\000s\000h\000\040\000t\000e\000x\000t}{section.2}% 5
\BOOKMARK [2][-]{subsection.2.4}{\376\377\000T\000u\000r\000k\000i\000s\000h\000\040\000a\000n\000d\000\040\000m\000u\000l\000t\000i\000l\000i\000n\000g\000u\000a\000l\000\040\000e\000v\000a\000l\000u\000a\000t\000i\000o\000n\000\040\000h\000y\000g\000i\000e\000n\000e}{section.2}% 6
\BOOKMARK [2][-]{subsection.2.5}{\376\377\000S\000u\000r\000f\000a\000c\000e\000-\000f\000i\000d\000e\000l\000i\000t\000y\000\040\000a\000n\000d\000\040\000l\000e\000a\000k\000a\000g\000e\000\040\000a\000u\000d\000i\000t\000s}{section.2}% 7
\BOOKMARK [1][-]{section.3}{\376\377\000D\000e\000s\000i\000g\000n\000\040\000a\000n\000d\000\040\000M\000e\000t\000h\000o\000d}{}% 8
\BOOKMARK [2][-]{subsection.3.1}{\376\377\000B\000a\000t\000t\000e\000r\000y\000:\000\040\000u\000n\000p\000r\000i\000m\000e\000d\000,\000\040\000r\000e\000g\000i\000s\000t\000e\000r\000-\000b\000a\000l\000a\000n\000c\000e\000d\000,\000\040\000m\000e\000c\000h\000a\000n\000i\000c\000a\000l\000l\000y\000\040\000a\000s\000s\000e\000r\000t\000e\000d}{section.3}% 9
\BOOKMARK [2][-]{subsection.3.2}{\376\377\000F\000r\000e\000e\000-\000t\000i\000e\000r\000\040\000m\000o\000d\000e\000l\000\040\000c\000e\000n\000s\000u\000s\000\040\000a\000n\000d\000\040\000r\000u\000n\000-\000t\000i\000m\000e\000\040\000p\000r\000i\000c\000e\000\040\000v\000e\000r\000i\000f\000i\000c\000a\000t\000i\000o\000n}{section.3}% 10
\BOOKMARK [2][-]{subsection.3.3}{\376\377\000C\000h\000e\000c\000k\000e\000r\000\040\000v\0003\000:\000\040\000r\000u\000l\000e\000s\000,\000\040\000g\000a\000t\000e\000s\000,\000\040\000v\000a\000l\000i\000d\000a\000t\000i\000o\000n}{section.3}% 11
\BOOKMARK [2][-]{subsection.3.4}{\376\377\000S\000c\000o\000r\000i\000n\000g}{section.3}% 12
\BOOKMARK [1][-]{section.4}{\376\377\000R\000e\000s\000u\000l\000t\000s}{}% 13
\BOOKMARK [2][-]{subsection.4.1}{\376\377\000H\000e\000a\000d\000l\000i\000n\000e}{section.4}% 14
\BOOKMARK [2][-]{subsection.4.2}{\376\377\000P\000e\000r\000-\000m\000o\000d\000e\000l}{section.4}% 15
\BOOKMARK [2][-]{subsection.4.3}{\376\377\000R\000e\000g\000i\000s\000t\000e\000r}{section.4}% 16
\BOOKMARK [2][-]{subsection.4.4}{\376\377\000P\000r\000i\000m\000i\000n\000g\000\040\000c\000o\000n\000t\000r\000a\000s\000t\000\040\000\050\000c\000r\000o\000s\000s\000-\000r\000u\000n\000,\000\040\000f\000l\000a\000g\000g\000e\000d\000\051}{section.4}% 17
\BOOKMARK [2][-]{subsection.4.5}{\376\377\000S\000e\000c\000o\000n\000d\000a\000r\000y\000\040\000r\000u\000l\000e\000s}{section.4}% 18
\BOOKMARK [2][-]{subsection.4.6}{\376\377\000M\000u\000l\000t\000i\000p\000l\000i\000c\000i\000t\000y\000,\000\040\000p\000o\000w\000e\000r\000,\000\040\000a\000n\000d\000\040\000s\000e\000n\000s\000i\000t\000i\000v\000i\000t\000y}{section.4}% 19
\BOOKMARK [1][-]{section.5}{\376\377\000D\000i\000s\000c\000u\000s\000s\000i\000o\000n}{}% 20
\BOOKMARK [1][-]{section.6}{\376\377\000L\000i\000m\000i\000t\000a\000t\000i\000o\000n\000s}{}% 21
\BOOKMARK [1][-]{section.7}{\376\377\000R\000e\000p\000r\000o\000d\000u\000c\000i\000b\000i\000l\000i\000t\000y}{}% 22
\BOOKMARK [1][-]{section.8}{\376\377\000B\000e\000n\000c\000h\000m\000a\000r\000k\000\040\000T\000r\000a\000n\000s\000p\000a\000r\000e\000n\000c\000y\000\040\000C\000a\000r\000d}{}% 23
\BOOKMARK [1][-]{section.9}{\376\377\000C\000o\000n\000c\000l\000u\000s\000i\000o\000n}{}% 24
\BOOKMARK [1][-]{appendix.A}{\376\377\000A\000p\000p\000e\000n\000d\000i\000x\000:\000\040\000B\000a\000t\000t\000e\000r\000y\000\040\000c\000o\000n\000s\000t\000r\000u\000c\000t\000i\000o\000n\000\040\000d\000e\000t\000a\000i\000l\000s}{}% 25
\BOOKMARK [1][-]{appendix.B}{\376\377\000A\000p\000p\000e\000n\000d\000i\000x\000:\000\040\000D\000i\000v\000e\000r\000g\000e\000n\000c\000e\000\040\000l\000e\000x\000i\000c\000o\000n\000\040\000a\000n\000d\000\040\000R\000U\000L\000I\000N\000G\000S\0001\0003}{}% 26
\BOOKMARK [1][-]{appendix.C}{\376\377\000A\000p\000p\000e\000n\000d\000i\000x\000:\000\040\000C\000h\000e\000c\000k\000e\000r\000\040\000v\000a\000l\000i\000d\000a\000t\000i\000o\000n}{}% 27
\BOOKMARK [1][-]{appendix.D}{\376\377\000A\000p\000p\000e\000n\000d\000i\000x\000:\000\040\000F\000r\000e\000e\000-\000t\000i\000e\000r\000\040\000e\000n\000d\000p\000o\000i\000n\000t\000\040\000c\000e\000n\000s\000u\000s}{}% 28
\BOOKMARK [1][-]{appendix.E}{\376\377\000A\000p\000p\000e\000n\000d\000i\000x\000:\000\040\000G\000e\000n\000e\000r\000a\000t\000i\000o\000n\000\040\000l\000o\000g\000\040\000a\000n\000d\000\040\000d\000a\000t\000a\000\040\000i\000n\000t\000e\000g\000r\000i\000t\000y}{}% 29
